Build starting...
Build image: latest
Start: Sun Oct 4 23:08:21 UTC 2026 e86d4243cfb2
Git:
363193e
commit 363193ef1a372642e2ccc7c7a677ed6a4ffbe1a3
Merge: 9008ec1 5d92061
Author: Matthew Manning 
Date:   Sun Oct 4 15:27:45 2026 -0400

    Merge pull request #17 from matthewdmanning/radial-features

Init SDKMan
Running JDK install command:
sdk install java 17.0.12-oracle;sdk use java 17.0.12-oracle

Downloading: java 17.0.12-oracle

In progress...


Repackaging Java 17.0.12-oracle...

Done repackaging...

[1;32mInstalling: java 17.0.12-oracle[0m
[1;32mDone installing![0m


[1;32mSetting java 17.0.12-oracle as default.[0m

[1;32mUsing java version 17.0.12-oracle in this shell.[0m
Found Android manifest
Android SDK version: . Build tools: 
1/1: License android-googlexr-license:
Found gradle
Gradle build script
Gradle wrapper found
Init SDKMan
Found gradle version: 9.6.0.
Using gradle wrapper
Picked up JAVA_TOOL_OPTIONS: -Dfile.encoding=UTF-8 -Dhttps.protocols=TLSv1.2
Downloading https://services.gradle.org/distributions/gradle-9.6.0-bin.zip
.10%.20%.30%.40%.50%.60%.70%.80%.90%.100%

------------------------------------------------------------
Gradle 9.6.0
------------------------------------------------------------

Build time:    2026-06-18 23:19:03 UTC
Revision:      3f750f03d77e42327c5f9fcb9992110088330a32

Kotlin:        2.3.21
Groovy:        4.0.32
Ant:           Apache Ant(TM) version 1.10.17 compiled on April 6 2026
Launcher JVM:  17.0.12 (Oracle Corporation 17.0.12+8-LTS-286)
Daemon JVM:    Compatible with Java 25, any vendor, nativeImageCapable=false (from gradle/gradle-daemon-jvm.properties)
OS:            Linux 4.14.63-xxxx-std-ipv6-64 amd64

0m4.526s
Picked up JAVA_TOOL_OPTIONS: -Dfile.encoding=UTF-8 -Dhttps.protocols=TLSv1.2
java version "17.0.12" 2024-07-16 LTS
Java(TM) SE Runtime Environment (build 17.0.12+8-LTS-286)
Java HotSpot(TM) 64-Bit Server VM (build 17.0.12+8-LTS-286, mixed mode, sharing)
Getting tasks: ./gradlew tasks --all
Found tasks
Tasks: 

 ⚠️   WARNING:
 Gradle 'publishToMavenLocal' task not found. Please add the 'maven-publish' or 'maven' plugin.
 See the documentation and examples: https://docs.jitpack.io

Picked up JAVA_TOOL_OPTIONS: -Dfile.encoding=UTF-8 -Dhttps.protocols=TLSv1.2

FAILURE: Build failed with an exception.

* What went wrong:
Unable to start the daemon process.
This problem might be caused by incorrect configuration of the daemon.
For example, an unrecognized jvm option is used.For more details on the daemon, please refer to https://docs.gradle.org/9.6.0/userguide/gradle_daemon.html in the Gradle documentation.
Process command line: /home/jitpack/.gradle/jdks/eclipse_adoptium-25-amd64-linux.2/bin/java --add-opens=java.base/java.lang=ALL-UNNAMED --add-opens=java.base/java.lang.invoke=ALL-UNNAMED --add-opens=java.base/java.util=ALL-UNNAMED --add-opens=java.prefs/java.util.prefs=ALL-UNNAMED --add-exports=jdk.compiler/com.sun.tools.javac.api=ALL-UNNAMED --add-exports=jdk.compiler/com.sun.tools.javac.util=ALL-UNNAMED --add-opens=java.base/java.nio.charset=ALL-UNNAMED --add-opens=java.base/java.net=ALL-UNNAMED --add-opens=java.base/java.util.concurrent=ALL-UNNAMED --add-opens=java.base/java.util.concurrent.atomic=ALL-UNNAMED --add-opens=java.xml/javax.xml.namespace=ALL-UNNAMED --add-opens=java.base/java.time=ALL-UNNAMED --enable-native-access=ALL-UNNAMED -Xmx2048m -Dfile.encoding=UTF-8 -Duser.country -Duser.language=en -Duser.variant -cp /home/jitpack/.gradle/wrapper/dists/gradle-9.6.0-bin/42k10rwplmzkhuboz9kdazi7s/gradle-9.6.0/lib/gradle-daemon-main-9.6.0.jar -javaagent:/home/jitpack/.gradle/wrapper/dists/gradle-9.6.0-bin/42k10rwplmzkhuboz9kdazi7s/gradle-9.6.0/lib/agents/gradle-instrumentation-agent-9.6.0.jar org.gradle.launcher.daemon.bootstrap.GradleDaemon 9.6.0
Please read the following process output to find out more:
-----------------------
Picked up JAVA_TOOL_OPTIONS: -Dfile.encoding=UTF-8 -Dhttps.protocols=TLSv1.2
Exception in thread "main" java.lang.ClassNotFoundException: org.gradle.instrumentation.agent.Agent
	at java.base/jdk.internal.loader.BuiltinClassLoader.loadClass(BuiltinClassLoader.java:580)
	at java.base/java.lang.ClassLoader.loadClass(ClassLoader.java:490)
	at java.instrument/sun.instrument.InstrumentationImpl.loadClassAndStartAgent(InstrumentationImpl.java:488)
	at java.instrument/sun.instrument.InstrumentationImpl.loadClassAndCallPremain(InstrumentationImpl.java:556)
*** java.lang.instrument ASSERTION FAILED ***: "!errorOutstanding" with message Outstanding error when calling method in invokeJavaAgentMainMethod at src/java.instrument/share/native/libinstrument/JPLISAgent.c line: 627
*** java.lang.instrument ASSERTION FAILED ***: "success" with message invokeJavaAgentMainMethod failed at src/java.instrument/share/native/libinstrument/JPLISAgent.c line: 466
*** java.lang.instrument ASSERTION FAILED ***: "result" with message agent load/premain call failed at src/java.instrument/share/native/libinstrument/JPLISAgent.c line: 429
FATAL ERROR in native method: processing of -javaagent failed, processJavaStart failed
Native frames: (J=compiled Java code, j=interpreted, Vv=VM code, C=native code)
V  [libjvm.so+0xa410de]  JavaThread::print_jni_stack()+0xfe
V  [libjvm.so+0xae3ee6]  jni_FatalError+0x76
V  [libjvm.so+0xc5de6c]  JvmtiExport::post_vm_initialized()+0x3dc
V  [libjvm.so+0x12094d8]  Threads::create_vm(JavaVMInitArgs*, bool*)+0x928
V  [libjvm.so+0xae46cf]  JNI_CreateJavaVM+0x4f
C  [libjli.so+0xa9df]  JavaMain+0x8f
C  [libjli.so+0xed89]  ThreadJavaMain+0x9


* Try:
> Run with --stacktrace option to get the stack trace.
> Run with --info or --debug option to get more log output.
> Run with --scan to get full insights from a Build Scan (powered by Develocity).
> Get more help at https://help.gradle.org.

Running: ./gradlew -Pgroup=com.github.matthewdmanning -Pversion=363193e publishToMavenLocal --console=plain --info

Initialized native services in: /home/jitpack/.gradle/native
Initialized jansi services in: /home/jitpack/.gradle/native
Removing 0 daemon stop events from registry
Starting a Gradle Daemon (subsequent builds will be faster)
Path for java installation '/usr/lib/jvm/openjdk-21' (Common Linux Locations) auto-detected does not contain a java executable
Path for java installation '/usr/lib/jvm/openjdk-17' (Common Linux Locations) auto-detected does not contain a java executable
Path for java installation '/usr/lib/jvm/openjdk-11' (Common Linux Locations) auto-detected does not contain a java executable
Starting process 'command '/usr/lib/jvm/java-11-openjdk-amd64/bin/java''. Working directory: /home/jitpack/.gradle/.tmp/tmp-jvm4652306289778713364probe Command: /usr/lib/jvm/java-11-openjdk-amd64/bin/java -Xmx32m -Xms32m -cp . JavaProbe
Starting process 'command '/usr/lib/jvm/java-8-openjdk-amd64/bin/java''. Working directory: /home/jitpack/.gradle/.tmp/tmp-jvm17221297958088501080probe Command: /usr/lib/jvm/java-8-openjdk-amd64/bin/java -Xmx32m -Xms32m -cp . JavaProbe
Successfully started process 'command '/usr/lib/jvm/java-11-openjdk-amd64/bin/java''
Starting process 'command '/usr/lib/jvm/java-17-openjdk-amd64/bin/java''. Working directory: /home/jitpack/.gradle/.tmp/tmp-jvm583813564606213576probe Command: /usr/lib/jvm/java-17-openjdk-amd64/bin/java -Xmx32m -Xms32m -cp . JavaProbe
Successfully started process 'command '/usr/lib/jvm/java-8-openjdk-amd64/bin/java''
Successfully started process 'command '/usr/lib/jvm/java-17-openjdk-amd64/bin/java''
Received JVM installation metadata from '/usr/lib/jvm/java-11-openjdk-amd64': {JAVA_HOME=/usr/lib/jvm/java-11-openjdk-amd64, JAVA_VERSION=11.0.26, JAVA_VENDOR=Ubuntu, RUNTIME_NAME=OpenJDK Runtime Environment, RUNTIME_VERSION=11.0.26+4-post-Ubuntu-1ubuntu120.04, VM_NAME=OpenJDK 64-Bit Server VM, VM_VERSION=11.0.26+4-post-Ubuntu-1ubuntu120.04, VM_VENDOR=Ubuntu, OS_ARCH=amd64}
Received JVM installation metadata from '/usr/lib/jvm/java-17-openjdk-amd64': {JAVA_HOME=/usr/lib/jvm/java-17-openjdk-amd64, JAVA_VERSION=17.0.14, JAVA_VENDOR=Ubuntu, RUNTIME_NAME=OpenJDK Runtime Environment, RUNTIME_VERSION=17.0.14+7-Ubuntu-120.04, VM_NAME=OpenJDK 64-Bit Server VM, VM_VERSION=17.0.14+7-Ubuntu-120.04, VM_VENDOR=Ubuntu, OS_ARCH=amd64}
Received JVM installation metadata from '/home/jitpack/.sdkman/candidates/java/17.0.12-oracle': {JAVA_HOME=/home/jitpack/.sdkman/candidates/java/17.0.12-oracle, JAVA_VERSION=17.0.12, JAVA_VENDOR=Oracle Corporation, RUNTIME_NAME=Java(TM) SE Runtime Environment, RUNTIME_VERSION=17.0.12+8-LTS-286, VM_NAME=Java HotSpot(TM) 64-Bit Server VM, VM_VERSION=17.0.12+8-LTS-286, VM_VENDOR=Oracle Corporation, OS_ARCH=amd64}
Starting process 'command '/usr/lib/jvm/java-21-openjdk-amd64/bin/java''. Working directory: /home/jitpack/.gradle/.tmp/tmp-jvm10068794949543478621probe Command: /usr/lib/jvm/java-21-openjdk-amd64/bin/java -Xmx32m -Xms32m -cp . JavaProbe
Successfully started process 'command '/usr/lib/jvm/java-21-openjdk-amd64/bin/java''
Received JVM installation metadata from '/usr/lib/jvm/java-21-openjdk-amd64': {JAVA_HOME=/usr/lib/jvm/java-21-openjdk-amd64, JAVA_VERSION=21.0.6, JAVA_VENDOR=Ubuntu, RUNTIME_NAME=OpenJDK Runtime Environment, RUNTIME_VERSION=21.0.6+7-Ubuntu-120.04.1, VM_NAME=OpenJDK 64-Bit Server VM, VM_VERSION=21.0.6+7-Ubuntu-120.04.1, VM_VENDOR=Ubuntu, OS_ARCH=amd64}
Received JVM installation metadata from '/usr/lib/jvm/java-8-openjdk-amd64': {JAVA_HOME=/usr/lib/jvm/java-8-openjdk-amd64/jre, JAVA_VERSION=1.8.0_442, JAVA_VENDOR=Private Build, RUNTIME_NAME=OpenJDK Runtime Environment, RUNTIME_VERSION=1.8.0_442-8u442-b06~us1-0ubuntu1~20.04-b06, VM_NAME=OpenJDK 64-Bit Server VM, VM_VERSION=25.442-b06, VM_VENDOR=Private Build, OS_ARCH=amd64}
Starting process 'Gradle build daemon'. Working directory: /home/jitpack/.gradle/daemon/9.6.0 Command: /home/jitpack/.gradle/jdks/eclipse_adoptium-25-amd64-linux.2/bin/java --add-opens=java.base/java.lang=ALL-UNNAMED --add-opens=java.base/java.lang.invoke=ALL-UNNAMED --add-opens=java.base/java.util=ALL-UNNAMED --add-opens=java.prefs/java.util.prefs=ALL-UNNAMED --add-exports=jdk.compiler/com.sun.tools.javac.api=ALL-UNNAMED --add-exports=jdk.compiler/com.sun.tools.javac.util=ALL-UNNAMED --add-opens=java.base/java.nio.charset=ALL-UNNAMED --add-opens=java.base/java.net=ALL-UNNAMED --add-opens=java.base/java.util.concurrent=ALL-UNNAMED --add-opens=java.base/java.util.concurrent.atomic=ALL-UNNAMED --add-opens=java.xml/javax.xml.namespace=ALL-UNNAMED --add-opens=java.base/java.time=ALL-UNNAMED --enable-native-access=ALL-UNNAMED -Xmx2048m -Dfile.encoding=UTF-8 -Duser.country -Duser.language=en -Duser.variant -cp /home/jitpack/.gradle/wrapper/dists/gradle-9.6.0-bin/42k10rwplmzkhuboz9kdazi7s/gradle-9.6.0/lib/gradle-daemon-main-9.6.0.jar -javaagent:/home/jitpack/.gradle/wrapper/dists/gradle-9.6.0-bin/42k10rwplmzkhuboz9kdazi7s/gradle-9.6.0/lib/agents/gradle-instrumentation-agent-9.6.0.jar org.gradle.launcher.daemon.bootstrap.GradleDaemon 9.6.0
Successfully started process 'Gradle build daemon'
An attempt to start the daemon took 0.168 secs.
Picked up JAVA_TOOL_OPTIONS: -Dfile.encoding=UTF-8 -Dhttps.protocols=TLSv1.2

FAILURE: Build failed with an exception.

* What went wrong:
Unable to start the daemon process.
This problem might be caused by incorrect configuration of the daemon.
For example, an unrecognized jvm option is used.For more details on the daemon, please refer to https://docs.gradle.org/9.6.0/userguide/gradle_daemon.html in the Gradle documentation.
Process command line: /home/jitpack/.gradle/jdks/eclipse_adoptium-25-amd64-linux.2/bin/java --add-opens=java.base/java.lang=ALL-UNNAMED --add-opens=java.base/java.lang.invoke=ALL-UNNAMED --add-opens=java.base/java.util=ALL-UNNAMED --add-opens=java.prefs/java.util.prefs=ALL-UNNAMED --add-exports=jdk.compiler/com.sun.tools.javac.api=ALL-UNNAMED --add-exports=jdk.compiler/com.sun.tools.javac.util=ALL-UNNAMED --add-opens=java.base/java.nio.charset=ALL-UNNAMED --add-opens=java.base/java.net=ALL-UNNAMED --add-opens=java.base/java.util.concurrent=ALL-UNNAMED --add-opens=java.base/java.util.concurrent.atomic=ALL-UNNAMED --add-opens=java.xml/javax.xml.namespace=ALL-UNNAMED --add-opens=java.base/java.time=ALL-UNNAMED --enable-native-access=ALL-UNNAMED -Xmx2048m -Dfile.encoding=UTF-8 -Duser.country -Duser.language=en -Duser.variant -cp /home/jitpack/.gradle/wrapper/dists/gradle-9.6.0-bin/42k10rwplmzkhuboz9kdazi7s/gradle-9.6.0/lib/gradle-daemon-main-9.6.0.jar -javaagent:/home/jitpack/.gradle/wrapper/dists/gradle-9.6.0-bin/42k10rwplmzkhuboz9kdazi7s/gradle-9.6.0/lib/agents/gradle-instrumentation-agent-9.6.0.jar org.gradle.launcher.daemon.bootstrap.GradleDaemon 9.6.0
Please read the following process output to find out more:
-----------------------
Picked up JAVA_TOOL_OPTIONS: -Dfile.encoding=UTF-8 -Dhttps.protocols=TLSv1.2
Exception in thread "main" java.lang.ClassNotFoundException: org.gradle.instrumentation.agent.Agent
	at java.base/jdk.internal.loader.BuiltinClassLoader.loadClass(BuiltinClassLoader.java:580)
	at java.base/java.lang.ClassLoader.loadClass(ClassLoader.java:490)
	at java.instrument/sun.instrument.InstrumentationImpl.loadClassAndStartAgent(InstrumentationImpl.java:488)
	at java.instrument/sun.instrument.InstrumentationImpl.loadClassAndCallPremain(InstrumentationImpl.java:556)
*** java.lang.instrument ASSERTION FAILED ***: "!errorOutstanding" with message Outstanding error when calling method in invokeJavaAgentMainMethod at src/java.instrument/share/native/libinstrument/JPLISAgent.c line: 627
*** java.lang.instrument ASSERTION FAILED ***: "success" with message invokeJavaAgentMainMethod failed at src/java.instrument/share/native/libinstrument/JPLISAgent.c line: 466
*** java.lang.instrument ASSERTION FAILED ***: "result" with message agent load/premain call failed at src/java.instrument/share/native/libinstrument/JPLISAgent.c line: 429
FATAL ERROR in native method: processing of -javaagent failed, processJavaStart failed
Native frames: (J=compiled Java code, j=interpreted, Vv=VM code, C=native code)
V  [libjvm.so+0xa410de]  JavaThread::print_jni_stack()+0xfe
V  [libjvm.so+0xae3ee6]  jni_FatalError+0x76
V  [libjvm.so+0xc5de6c]  JvmtiExport::post_vm_initialized()+0x3dc
V  [libjvm.so+0x12094d8]  Threads::create_vm(JavaVMInitArgs*, bool*)+0x928
V  [libjvm.so+0xae46cf]  JNI_CreateJavaVM+0x4f
C  [libjli.so+0xa9df]  JavaMain+0x8f
C  [libjli.so+0xed89]  ThreadJavaMain+0x9


* Try:
> Run with --stacktrace option to get the stack trace.
> Run with --debug option to get more log output.
> Run with --scan to get full insights from a Build Scan (powered by Develocity).
> Get more help at https://help.gradle.org.
Picked up JAVA_TOOL_OPTIONS: -Dfile.encoding=UTF-8 -Dhttps.protocols=TLSv1.2

FAILURE: Build failed with an exception.

* What went wrong:
Unable to start the daemon process.
This problem might be caused by incorrect configuration of the daemon.
For example, an unrecognized jvm option is used.For more details on the daemon, please refer to https://docs.gradle.org/9.6.0/userguide/gradle_daemon.html in the Gradle documentation.
Process command line: /home/jitpack/.gradle/jdks/eclipse_adoptium-25-amd64-linux.2/bin/java --add-opens=java.base/java.lang=ALL-UNNAMED --add-opens=java.base/java.lang.invoke=ALL-UNNAMED --add-opens=java.base/java.util=ALL-UNNAMED --add-opens=java.prefs/java.util.prefs=ALL-UNNAMED --add-exports=jdk.compiler/com.sun.tools.javac.api=ALL-UNNAMED --add-exports=jdk.compiler/com.sun.tools.javac.util=ALL-UNNAMED --add-opens=java.base/java.nio.charset=ALL-UNNAMED --add-opens=java.base/java.net=ALL-UNNAMED --add-opens=java.base/java.util.concurrent=ALL-UNNAMED --add-opens=java.base/java.util.concurrent.atomic=ALL-UNNAMED --add-opens=java.xml/javax.xml.namespace=ALL-UNNAMED --add-opens=java.base/java.time=ALL-UNNAMED --enable-native-access=ALL-UNNAMED -Xmx2048m -Dfile.encoding=UTF-8 -Duser.country -Duser.language=en -Duser.variant -cp /home/jitpack/.gradle/wrapper/dists/gradle-9.6.0-bin/42k10rwplmzkhuboz9kdazi7s/gradle-9.6.0/lib/gradle-daemon-main-9.6.0.jar -javaagent:/home/jitpack/.gradle/wrapper/dists/gradle-9.6.0-bin/42k10rwplmzkhuboz9kdazi7s/gradle-9.6.0/lib/agents/gradle-instrumentation-agent-9.6.0.jar org.gradle.launcher.daemon.bootstrap.GradleDaemon 9.6.0
Please read the following process output to find out more:
-----------------------
Picked up JAVA_TOOL_OPTIONS: -Dfile.encoding=UTF-8 -Dhttps.protocols=TLSv1.2
Exception in thread "main" java.lang.ClassNotFoundException: org.gradle.instrumentation.agent.Agent
	at java.base/jdk.internal.loader.BuiltinClassLoader.loadClass(BuiltinClassLoader.java:580)
	at java.base/java.lang.ClassLoader.loadClass(ClassLoader.java:490)
	at java.instrument/sun.instrument.InstrumentationImpl.loadClassAndStartAgent(InstrumentationImpl.java:488)
	at java.instrument/sun.instrument.InstrumentationImpl.loadClassAndCallPremain(InstrumentationImpl.java:556)
*** java.lang.instrument ASSERTION FAILED ***: "!errorOutstanding" with message Outstanding error when calling method in invokeJavaAgentMainMethod at src/java.instrument/share/native/libinstrument/JPLISAgent.c line: 627
*** java.lang.instrument ASSERTION FAILED ***: "success" with message invokeJavaAgentMainMethod failed at src/java.instrument/share/native/libinstrument/JPLISAgent.c line: 466
*** java.lang.instrument ASSERTION FAILED ***: "result" with message agent load/premain call failed at src/java.instrument/share/native/libinstrument/JPLISAgent.c line: 429
FATAL ERROR in native method: processing of -javaagent failed, processJavaStart failed
Native frames: (J=compiled Java code, j=interpreted, Vv=VM code, C=native code)
V  [libjvm.so+0xa410de]  JavaThread::print_jni_stack()+0xfe
V  [libjvm.so+0xae3ee6]  jni_FatalError+0x76
V  [libjvm.so+0xc5de6c]  JvmtiExport::post_vm_initialized()+0x3dc
V  [libjvm.so+0x12094d8]  Threads::create_vm(JavaVMInitArgs*, bool*)+0x928
V  [libjvm.so+0xae46cf]  JNI_CreateJavaVM+0x4f
C  [libjli.so+0xa9df]  JavaMain+0x8f
C  [libjli.so+0xed89]  ThreadJavaMain+0x9


* Try:
> Run with --stacktrace option to get the stack trace.
> Run with --info or --debug option to get more log output.
> Run with --scan to get full insights from a Build Scan (powered by Develocity).
> Get more help at https://help.gradle.org.
Build tool exit code: 1
⚠️ Build failed. See errors above.
2026-10-04T23:09:03.592344787Z
Exit code: 1


